// Jest Snapshot v1, https://goo.gl/fbAQLP

exports[`should render default state of CharacterCreationPage correctly 1`] = `
<form
  class="CreatorForm"
>
  <div
    class="container--body"
  >
    <div
      class="CreatorFormIdentity__group"
    >
      <h4>
        Name:
      </h4>
      <div>
        <input
          class="text-input"
          name="name"
          value=""
        />
      </div>
    </div>
    <div
      class="CreatorFormIdentity__group"
    >
      <h4>
        Gender:
      </h4>
      <select
        class="select"
        name="gender"
      >
        <option
          value="Male"
        >
          Male
        </option>
        <option
          value="Female"
        >
          Female
        </option>
        <option
          value="Non-Binary"
        >
          Non-Binary
        </option>
      </select>
    </div>
    <div
      class="CreatorFormIdentity__group"
    >
      <h4>
        Age:
      </h4>
      <div>
        <div
          class="CreatorForm__input-group"
        >
          <input
            class="text-input"
            name="age"
            type="number"
            value=""
          />
          <div>
             yrs
          </div>
        </div>
      </div>
    </div>
    <div
      class="CreatorFormIdentity__group"
    >
      <h4>
        Height:
      </h4>
      <div>
        <div
          class="CreatorForm__input-group"
        >
          <input
            class="text-input"
            name="height.ft"
            type="number"
            value=""
          />
          <div>
            ft
          </div>
          <input
            class="text-input"
            name="height.in"
            type="number"
            value=""
          />
          <div>
            in
          </div>
        </div>
        <div
          class="CreatorForm__input-group"
        />
      </div>
    </div>
    <div
      class="CreatorFormIdentity__group"
    >
      <h4>
        Weight:
      </h4>
      <div>
        <div
          class="CreatorForm__input-group"
        >
          <input
            class="text-input"
            name="weight"
            type="number"
            value=""
          />
          <div>
            lbs
          </div>
        </div>
      </div>
    </div>
    <div
      class="divider"
    />
    <div
      class="CreatorFormIdentity__group"
    >
      <h4>
        Race:
      </h4>
      <select
        class="select"
      >
        <option
          value="recOadObhQKOMa7f2"
        >
          Gray Elf
        </option>
        <option
          value="recUDu56yAAHN3Ue3"
        >
          Half-Elf
        </option>
        <option
          value="recWfP0nya01jKP44"
        >
          Half-Orc
        </option>
        <option
          value="recw2GdtKxEQhIpGm"
        >
          High Elf
        </option>
        <option
          value="recv3zpW98noaCctp"
        >
          Hill Dwarf
        </option>
        <option
          selected=""
          value="recxyRHegDBrFYJP5"
        >
          Human
        </option>
        <option
          value="recFEpQ9zuD9Yqu7l"
        >
          Lightfoot Halfling
        </option>
        <option
          value="recrsiTIDAQXD6mCo"
        >
          Mountain Dwarf
        </option>
        <option
          value="recoDD3gAaQXU3A56"
        >
          Orc
        </option>
        <option
          value="recd3zkVkYKZJP92G"
        >
          Rock Gnome
        </option>
        <option
          value="recGQmGZazcjLyEXv"
        >
          Wild Elf
        </option>
        <option
          value="recEPV5rASoteAGoq"
        >
          Wood Elf
        </option>
      </select>
    </div>
    <div
      class="CreatorFormIdentity__group align-bottom"
    >
      <h4>
        Favored Class:
      </h4>
      <div>
        Any
      </div>
    </div>
    <div
      class="CreatorFormIdentity__group"
    >
      <h4>
        Size:
      </h4>
      <div>
        Medium
      </div>
    </div>
    <div
      class="CreatorFormIdentity__group"
    >
      <h4>
        Speed:
      </h4>
      <div>
        30
      </div>
    </div>
    <div
      class="CreatorFormIdentity__group--bottom"
    >
      <h4>
        Racial Modifiers:
      </h4>
      <div
        class="CreatorForm__input-group"
      >
        <div>
          None
        </div>
      </div>
    </div>
    <div
      class="CreatorFormIdentity__group--bottom"
    >
      <h4>
        Default Language(s):
      </h4>
      <div>
        Common
      </div>
    </div>
    <div
      class="CreatorFormIdentity__group--top"
    >
      <h4>
        Bonus Languages:
      </h4>
      <div>
        Draconic, Dwarven, Elven, Giant, Gnoll, Gnome, Goblin, Orc, Halfling, Sylvan, Undercommon, Terran, Abyssal
      </div>
    </div>
    <div
      class="CreatorFormIdentity__group--top"
    >
      <h4>
        Racial Bonuses:
      </h4>
      <ul
        class="CreatorFormIdentity__list"
      >
        <li>
          1 extra feat at 1st level.
        </li>
        <li>
          4 extra skill points at 1st level and 1 extra skill point at each additional level. 
        </li>
      </ul>
    </div>
    <div
      class="CreatorFormIdentity__group--top"
    >
      <h4>
        Special Abilities:
      </h4>
      <div>
        None
      </div>
    </div>
  </div>
  <footer
    class="CreatorFormFooter"
  >
    <div
      class="container CreatorFormFooter__content"
    >
      <button
        class="button--form-nav button--primary"
        disabled=""
        id="nextButton"
        type="button"
      >
        Next
      </button>
    </div>
  </footer>
</form>
`;
