// Jest Snapshot v1, https://goo.gl/fbAQLP

exports[`should render CreatorFormFooter 1`] = `
<footer
  className="CreatorFormFooter"
>
  <div
    className="container CreatorFormFooter__content"
  >
    <button
      className="button--form-nav button--primary"
      disabled={false}
      id="nextButton"
      onClick={[Function]}
      type="button"
    >
      Next
    </button>
  </div>
</footer>
`;
