// Jest Snapshot v1, https://goo.gl/fbAQLP

exports[`should correctly render CreatorFormFeats 1`] = `
<form>
  <div
    class="container--body"
  >
    <h3
      class="section__title"
    >
      Select Feats
    </h3>
    <div
      class="Selector__row"
    >
      <select
        class="Selector__dropdown select"
      >
        <option
          value="recdmotqOlGgN2otb"
        >
          Ability Focus
        </option>
        <option
          value="recoTlzPQ37bNLFsm"
        >
          Acrobatic
        </option>
        <option
          value="rec8uIUF1rFAa2VuG"
        >
          Agile
        </option>
        <option
          value="recvzMqdCBIzd7z9n"
        >
          Alertness
        </option>
        <option
          value="recnrQnRgUIJQkJOz"
        >
          Animal Affinity
        </option>
        <option
          value="recRXzmlbn1MzfoKr"
        >
          Armor Proficiency (Light)
        </option>
        <option
          value="recOCyJT5oWscbchC"
        >
          Athletic
        </option>
        <option
          value="recQyW6ByR4ClPt80"
        >
          Autonomous
        </option>
        <option
          value="recjk6hkPLOgMt6eb"
        >
          Blind-Fight
        </option>
        <option
          value="rec6j8vDL2r3twF8o"
        >
          Cloak Dance
        </option>
        <option
          value="reclpbMRlP2bTvA8K"
        >
          Colossal Wild Shape
        </option>
        <option
          value="recdR990pCoRoCtHN"
        >
          Combat Casting
        </option>
        <option
          value="recrc1dWL5N3RPKd6"
        >
          Combat Expertise
        </option>
        <option
          value="recXnkMszr2a4cMG2"
        >
          Combat Reflexes
        </option>
        <option
          value="recI7IQe71f44n0qs"
        >
          Deadly Precision
        </option>
        <option
          value="recFrheLpwNhWFzS3"
        >
          Deceitful
        </option>
        <option
          value="recPlnmL0xLwCkhqW"
        >
          Deft Hands
        </option>
        <option
          value="rec83JXxeqFaq13F1"
        >
          Diligent
        </option>
        <option
          value="rechBgTFWqu5YnOc1"
        >
          Diminutive Wild Shape
        </option>
        <option
          value="reccKhXP1P03au3WT"
        >
          Divine Might
        </option>
        <option
          value="recrA225bMNGuLGF2"
        >
          Divine Vengeance
        </option>
        <option
          value="recyqJvG85XCUZG4x"
        >
          Dodge
        </option>
        <option
          value="rec35lBICs5ipkw7m"
        >
          Dragon Wild Shape
        </option>
        <option
          value="recHnrZHpmp7psvj2"
        >
          Empower Spell-Like Ability
        </option>
        <option
          value="recVCgn24xVSXigbM"
        >
          Endurance
        </option>
        <option
          value="rec1UNqoxirOSxnno"
        >
          Eschew Materials
        </option>
        <option
          value="recfeBOXTX2up9aUs"
        >
          Exotic Weapon Proficiency
        </option>
        <option
          value="recGByPLOPCGQZEW1"
        >
          Extra Music
        </option>
        <option
          value="recMrrf3flxHUSgMR"
        >
          Extra Turning
        </option>
        <option
          value="recuXAYNPNco1uMdG"
        >
          Eyes in the Back of Your Head
        </option>
        <option
          value="recjTsJRbGi8Lptpa"
        >
          Fine Wild Shape
        </option>
        <option
          value="recw2WZMbQ3gonDew"
        >
          Flyby Attack
        </option>
        <option
          value="rectdd0HKAYm9SmIx"
        >
          Gargantuan Wild Shape
        </option>
        <option
          value="recboOAfWHQTIZGfr"
        >
          Great Fortitude
        </option>
        <option
          value="recEepS7K6IXvQOQU"
        >
          Hover
        </option>
        <option
          value="recEpNvwwJ71UvJm5"
        >
          Improved Counterspell
        </option>
        <option
          value="rec5slnNRWWJC8fb2"
        >
          Improved Critical
        </option>
        <option
          value="recPwR8YqatQuJqXS"
        >
          Improved Elemental Wild Shape
        </option>
        <option
          value="recQDaucsIOGOt9hp"
        >
          Improved Familiar
        </option>
        <option
          value="reciazjHVWQmiq1jP"
        >
          Improved Initiative
        </option>
        <option
          value="recJSbPjUKOTWNe6m"
        >
          Improved Natural Armor
        </option>
        <option
          value="recNxmdwGsIHTAPxj"
        >
          Improved Natural Attack
        </option>
        <option
          value="recZ7I3tsw8Wglevc"
        >
          Improved Spell Resistance
        </option>
        <option
          value="recuEsiEZ1O2huYCr"
        >
          Improved Turning
        </option>
        <option
          value="recCmnimojxd0MNLS"
        >
          Improved Unarmed Strike
        </option>
        <option
          value="recs5pgQMU6zotYqL"
        >
          Investigator
        </option>
        <option
          value="rec0Rmpc0o4zr5KQZ"
        >
          Iron Will
        </option>
        <option
          value="recBS1Vlwp32LWNNe"
        >
          Jack of All Trades
        </option>
        <option
          value="recaVxDe7IV4Ibppd"
        >
          Leadership
        </option>
        <option
          value="recHPtIzQdLipkdLi"
        >
          Lightning Reflexes
        </option>
        <option
          value="rec43FVgR2bo1YDR6"
        >
          Magical Aptitude
        </option>
        <option
          value="recExtvt4xN6i7AiO"
        >
          Magical Beast Companion
        </option>
        <option
          value="recq2EZvZ93PkGmh4"
        >
          Magical Beast Wild Shape
        </option>
        <option
          value="recu6KSoLrL5T47wp"
        >
          Martial Weapon Proficiency
        </option>
        <option
          value="recUv7HQzFXwLgRB9"
        >
          Mind Over Body
        </option>
        <option
          value="reciJuIqTWUQRhYv0"
        >
          Mounted Combat
        </option>
        <option
          value="recKkMD7JxJW1XkHj"
        >
          Multiattack
        </option>
        <option
          value="recvJkbFXbH5ZXAXa"
        >
          Multiweapon Fighting
        </option>
        <option
          value="reccG488HS3PmSuGK"
        >
          Natural Spell
        </option>
        <option
          value="rec5982GoHsn1tfis"
        >
          Negative Energy Burst
        </option>
        <option
          value="recoQZX87YxSgmV2T"
        >
          Negotiator
        </option>
        <option
          value="recL3E07iXqlgd6Mv"
        >
          Nimble Fingers
        </option>
        <option
          value="recFp03E0YFKaq5xr"
        >
          Open Minded
        </option>
        <option
          value="recPjLbGCj3xRNPU3"
        >
          Persuasive
        </option>
        <option
          value="reco0bwyops62ZxPn"
        >
          Plant Defiance
        </option>
        <option
          value="rec81hWf4GNmLBenB"
        >
          Plant Wild Shape
        </option>
        <option
          value="rec0Aa93zpU5V3Asy"
        >
          Point Blank Shot
        </option>
        <option
          value="recuv5RdScK7Vqhf5"
        >
          Power Attack
        </option>
        <option
          value="recpHwtjV89aVIoGB"
        >
          Psionic Affinity
        </option>
        <option
          value="recLp3uvkYGZGyywW"
        >
          Quick Draw
        </option>
        <option
          value="rec6QsVR3a7aEc8Ev"
        >
          Quicken Spell-Like Ability
        </option>
        <option
          value="recmNzyXLWdoJ94Vp"
        >
          Rapid Metabolism
        </option>
        <option
          value="recEk5kUnIREk59lF"
        >
          Rapid Reload
        </option>
        <option
          value="rec3Z5EqrUQXIcAjy"
        >
          Reckless Offense
        </option>
        <option
          value="rec02pDGILJ5EZz1W"
        >
          Run
        </option>
        <option
          value="recBV4PEpBYb8mVC0"
        >
          Self-Sufficient
        </option>
        <option
          value="recm19w48xltockBW"
        >
          Shield Proficiency
        </option>
        <option
          value="rec2wriPyA1jtpZih"
        >
          Simple Weapon Proficiency
        </option>
        <option
          value="recaj8lyaZepMlFCM"
        >
          Skill Focus
        </option>
        <option
          value="recpeswIYdGxGtd4g"
        >
          Snatch
        </option>
        <option
          value="recr648zasZ6BHY5D"
        >
          Spell Focus
        </option>
        <option
          value="recQM5J2Z4Bg345O0"
        >
          Spell Penetration
        </option>
        <option
          value="recB7JU0g2Bfz5xqS"
        >
          Stand Still
        </option>
        <option
          value="rece4EQ3n0Ya33LGf"
        >
          Stealthy
        </option>
        <option
          value="reczbG3R5q7p4lj9R"
        >
          Toughness
        </option>
        <option
          value="recxkSuS8IvkzRVyV"
        >
          Track
        </option>
        <option
          value="recePeBndah0BTNs4"
        >
          Two-Weapon Fighting
        </option>
        <option
          value="recJFvWvKKUkM6NJM"
        >
          Undead Mastery
        </option>
        <option
          value="reccZ5xjJ9eWUxvY8"
        >
          Vermin Wild Shape
        </option>
        <option
          value="recVdnKmMFz54fNLF"
        >
          Weapon Finesse
        </option>
        <option
          value="recy5YNMs3lo9rYTp"
        >
          Weapon Focus
        </option>
        <option
          value="recF2gHjeFMKLdUmE"
        >
          Wild Talent
        </option>
        <option
          value="recI40vCPdTE5LsEu"
        >
          Wingover
        </option>
      </select>
      <button
        class="Selector__button button"
        type="button"
      >
        Select
      </button>
    </div>
    <div
      class="section"
    >
      <p>
        <b>
          Type(s):
        </b>
         
        General, Creature
      </p>
      <p>
        <b>
          Description:
        </b>
         
      </p>
    </div>
    <div
      class="divider"
    />
    <h4>
      Selected Feats:
    </h4>
  </div>
</form>
`;
