// Jest Snapshot v1, https://goo.gl/fbAQLP

exports[`should render saves with profile data 1`] = `
<div
  class="Saves"
>
  <h5
    class="grid__col1"
  >
    Type
  </h5>
  <h5>
    Base
  </h5>
  <div />
  <h5>
    Mod
  </h5>
  <div />
  <h5>
    Total
  </h5>
  <div
    class="grid__col1"
  >
    Fortitude
  </div>
  <div>
    1
  </div>
  <div>
    +
  </div>
  <input
    data-testid="fortitudeMod"
    type="number"
    value=""
  />
  <div>
    =
  </div>
  <div
    data-testid="fortitudeTotal"
  >
    1
  </div>
  <div
    class="grid__col1"
  >
    Reflex
  </div>
  <div>
    4
  </div>
  <div>
    +
  </div>
  <input
    data-testid="reflexMod"
    type="number"
    value=""
  />
  <div>
    =
  </div>
  <div
    data-testid="reflexTotal"
  >
    4
  </div>
  <div
    class="grid__col1"
  >
    Will
  </div>
  <div>
    1
  </div>
  <div>
    +
  </div>
  <input
    data-testid="willMod"
    type="number"
    value=""
  />
  <div>
    =
  </div>
  <div
    data-testid="willTotal"
  >
    1
  </div>
</div>
`;
