// Jest Snapshot v1, https://goo.gl/fbAQLP

exports[`should render stats page with profile data 1`] = `
<div
  className="container container--body"
>
  <div
    className="row"
  >
    <h3>
      Level 
      5
    </h3>
    <span>
      XP: 
      10000
    </span>
  </div>
  <div
    className="row"
  >
    <span>
      Hit Die: 
    </span>
    <span>
      To next level: 
      5000
    </span>
  </div>
  <div
    className="section"
  >
    <Abilities
      abilities={
        Object {
          "cha": Object {
            "score": 11,
          },
          "con": Object {
            "score": 16,
          },
          "dex": Object {
            "score": 18,
          },
          "int": Object {
            "score": 20,
          },
          "str": Object {
            "score": 14,
          },
          "wis": Object {
            "score": 14,
          },
        }
      }
      handleUpdate={[Function]}
    />
  </div>
  <Connect(SkillSet)
    skillSet={
      Array [
        Object {
          "id": "recfbplSsRmzNs68J",
          "ranks": 4,
        },
        Object {
          "id": "recoJ7dkAWtHAkj3v",
          "ranks": 3,
        },
        Object {
          "id": "recHCeKVn3CB0HcNA",
          "ranks": 5,
        },
        Object {
          "id": "recs2EXcqiCIfwO0w",
          "ranks": 9,
        },
      ]
    }
  />
</div>
`;
