// Jest Snapshot v1, https://goo.gl/fbAQLP

exports[`should render loading page correctly 1`] = `
<div
  class="loader"
>
  <img
    class="loader__image"
    src="/images/loader.gif"
  />
</div>
`;
