// Jest Snapshot v1, https://goo.gl/fbAQLP

exports[`should render CompanionPage with profile data 1`] = `
<div
  className="container--body"
>
  <div
    className="section grid--companion"
  >
    <h3>
      Nyx
    </h3>
    <div>
      Raven
    </div>
    <h4
      className="grid__col1"
    >
      Special Abilities
    </h4>
    <Connect(SpecialAbilities)
      specialAbilityIds={
        Array [
          "recoVjIceMNsVyiqI",
          "recC7zmmkwPjM104d",
          "recD7wgtCKPM9k7X9",
          "recmKq1KJyCGILkHN",
        ]
      }
    />
    <h4
      className="grid__col1"
    >
      Feats
    </h4>
    <Connect(Feats)
      featIds={
        Array [
          "recvzMqdCBIzd7z9n",
          "recVdnKmMFz54fNLF",
        ]
      }
    />
  </div>
  <div
    className="section"
  >
    <h3
      className="section__title"
    >
      Abilities
    </h3>
    <Abilities
      abilities={
        Object {
          "cha": Object {
            "score": 6,
          },
          "con": Object {
            "score": 10,
          },
          "dex": Object {
            "score": 15,
          },
          "int": Object {
            "score": 8,
          },
          "str": Object {
            "score": 1,
          },
          "wis": Object {
            "score": 14,
          },
        }
      }
      handleUpdate={[Function]}
    />
  </div>
  <div
    className="section"
  >
    <h3
      className="section__title"
    >
      Skills
    </h3>
    <Connect(SkillSet)
      skillSet={
        Array [
          Object {
            "name": "Hide",
            "ranks": 10,
          },
          Object {
            "name": "Climb",
            "ranks": 3,
          },
          Object {
            "name": "Listen",
            "ranks": 5,
          },
          Object {
            "name": "Concentration",
            "ranks": 9,
          },
          Object {
            "name": "Spot",
            "ranks": 5,
          },
        ]
      }
    />
  </div>
  <h3
    className="section__title"
  >
    Combat
  </h3>
  <PhysicalStats
    ac={
      Object {
        "base": 14,
        "flat": 12,
        "touch": 14,
      }
    }
    handleUpdate={[Function]}
    hp={
      Object {
        "base": 16,
      }
    }
    initBase={2}
    speed={
      Object {
        "flight": 40,
        "ground": 10,
      }
    }
  />
  <div
    className="grid--combat"
  >
    <div
      className="row__title"
    >
      Attack
    </div>
    <div
      className="row--left"
    >
      Claws +4 melee (1d2â€“5)
    </div>
  </div>
</div>
`;
