// Jest Snapshot v1, https://goo.gl/fbAQLP

exports[`should render combat page with profile data 1`] = `
<div>
  <div
    class="container--body"
  >
    <div
      class="section"
    >
      <h3
        class="section__title"
      >
        Physical Stats
      </h3>
      <div
        class="PhysicalStats__row"
      >
        <div>
          Hit Points
        </div>
        <div>
          <div
            class="PhysicalStats__row__item"
          >
            <h5>
              Base
            </h5>
            <div>
              32
            </div>
          </div>
          <div
            class="PhysicalStats__row__item--bottom"
          >
            +
          </div>
          <div
            class="PhysicalStats__row__item"
          >
            <h5>
              Mod
            </h5>
            <input
              data-testid="hpMod"
              type="number"
              value="6"
            />
          </div>
          <div
            class="PhysicalStats__row__item--bottom"
          >
            -
          </div>
          <div
            class="PhysicalStats__row__item"
          >
            <h5>
              Dmg
            </h5>
            <input
              data-testid="hpDamage"
              type="number"
              value="10"
            />
          </div>
          <div
            class="PhysicalStats__row__item--bottom"
          >
            =
          </div>
          <div
            class="PhysicalStats__row__item"
          >
            <h5>
              Curr
            </h5>
            <div
              data-testid="hpTotal"
            >
              28
            </div>
          </div>
        </div>
      </div>
      <div
        class="PhysicalStats__row"
      >
        <div>
          Armor Class
        </div>
        <div>
          <div
            class="PhysicalStats__row__item"
          >
            <h5>
              Base
            </h5>
            <div>
              14
            </div>
          </div>
          <div
            class="PhysicalStats__row__item"
          >
            <h5>
              Flat
            </h5>
            <div>
              10
            </div>
          </div>
          <div
            class="PhysicalStats__row__item"
          >
            <h5>
              Touch
            </h5>
            <div>
              14
            </div>
          </div>
        </div>
      </div>
      <div
        class="PhysicalStats__row"
      >
        <div>
          Initiative
        </div>
        <div>
          <div
            class="PhysicalStats__row__item"
          >
            <h5>
              Base
            </h5>
            <div>
              4
            </div>
          </div>
          <div
            class="PhysicalStats__row__item--bottom"
          >
            +
          </div>
          <div
            class="PhysicalStats__row__item"
          >
            <h5>
              Mod
            </h5>
            <input
              data-testid="initMod"
              type="number"
              value="2"
            />
          </div>
          <div
            class="PhysicalStats__row__item--bottom"
          >
            =
          </div>
          <div
            class="PhysicalStats__row__item"
          >
            <h5>
              Total
            </h5>
            <div>
              6
            </div>
          </div>
        </div>
      </div>
      <div
        class="PhysicalStats__row"
      >
        <div>
          Speed
        </div>
        <div>
          30
           ft/round
        </div>
      </div>
    </div>
    <div
      class="section"
    >
      <h3
        class="section__title"
      >
        Saving Throws
      </h3>
      <div
        class="Saves"
      >
        <h5
          class="grid__col1"
        >
          Type
        </h5>
        <h5>
          Base
        </h5>
        <div />
        <h5>
          Mod
        </h5>
        <div />
        <h5>
          Total
        </h5>
        <div
          class="grid__col1"
        >
          Fortitude
        </div>
        <div>
          1
        </div>
        <div>
          +
        </div>
        <input
          data-testid="fortitudeMod"
          type="number"
          value="1"
        />
        <div>
          =
        </div>
        <div
          data-testid="fortitudeTotal"
        >
          2
        </div>
        <div
          class="grid__col1"
        >
          Reflex
        </div>
        <div>
          1
        </div>
        <div>
          +
        </div>
        <input
          data-testid="reflexMod"
          type="number"
          value="-1"
        />
        <div>
          =
        </div>
        <div
          data-testid="reflexTotal"
        >
          0
        </div>
        <div
          class="grid__col1"
        >
          Will
        </div>
        <div>
          4
        </div>
        <div>
          +
        </div>
        <input
          data-testid="willMod"
          type="number"
          value=""
        />
        <div>
          =
        </div>
        <div
          data-testid="willTotal"
        >
          4
        </div>
      </div>
    </div>
    <div
      class="section"
    >
      <h3
        class="section__title"
      >
        Attack Bonuses
      </h3>
      <div
        class="AttackBonuses"
      >
        <h5
          class="grid__col1"
        >
          Type
        </h5>
        <h5>
          Base
        </h5>
        <div />
        <h5>
          Mod
        </h5>
        <div />
        <h5>
          Total
        </h5>
        <div
          class="grid__col1"
        >
          Melee
        </div>
        <div>
          4
        </div>
        <div>
          +
        </div>
        <input
          data-testid="meleeMod"
          type="number"
          value="2"
        />
        <div>
          =
        </div>
        <div>
          6
        </div>
        <div
          class="grid__col1"
        >
          Ranged
        </div>
        <div>
          6
        </div>
        <div>
          +
        </div>
        <input
          data-testid="rangedMod"
          type="number"
          value=""
        />
        <div>
          =
        </div>
        <div>
          6
        </div>
        <div
          class="grid__col1"
        >
          Grapple
        </div>
        <div>
          4
        </div>
        <div>
          +
        </div>
        <input
          data-testid="grappleMod"
          type="number"
          value="1"
        />
        <div>
          =
        </div>
        <div>
          5
        </div>
      </div>
    </div>
    <div
      class="section"
    >
      <h3
        class="section__title"
      >
        Equipped Weapons
      </h3>
      <div
        class="weapon"
      >
        <h4>
          Repeating Light Crossbow
        </h4>
        <div
          class="weapon__features"
        >
          Exotic
          , 
          Ranged
          , 
          Piercing
        </div>
        <div
          class="weapon__stats"
        >
          <div>
            <h5>
              Rng
            </h5>
            <div>
              80 ft.
            </div>
          </div>
          <div>
            <h5>
              Atk
            </h5>
            <div>
              +
              6
            </div>
          </div>
          <div>
            <h5>
              Dmg
            </h5>
            <div>
              1d8
            </div>
          </div>
          <div>
            <h5>
              Crit
            </h5>
            <div>
              19–20/×2
            </div>
          </div>
        </div>
      </div>
      <div
        class="weapon"
      >
        <h4>
          Quarterstaff
        </h4>
        <div
          class="weapon__features"
        >
          Simple
          , 
          Two-Handed
          , 
          Bludgeoning
        </div>
        <div
          class="weapon__stats"
        >
          <div>
            <h5>
              Rng
            </h5>
            <div>
              —
            </div>
          </div>
          <div>
            <h5>
              Atk
            </h5>
            <div>
              +
              6
            </div>
          </div>
          <div>
            <h5>
              Dmg
            </h5>
            <div>
              1d6/1d6
            </div>
          </div>
          <div>
            <h5>
              Crit
            </h5>
            <div>
              ×2
            </div>
          </div>
        </div>
      </div>
      <div
        class="weapon"
      >
        <h4>
          Light Crossbow
        </h4>
        <div
          class="weapon__features"
        >
          Simple
          , 
          Ranged
          , 
          Piercing
        </div>
        <div
          class="weapon__stats"
        >
          <div>
            <h5>
              Rng
            </h5>
            <div>
              80 ft.
            </div>
          </div>
          <div>
            <h5>
              Atk
            </h5>
            <div>
              +
              6
            </div>
          </div>
          <div>
            <h5>
              Dmg
            </h5>
            <div>
              1d8
            </div>
          </div>
          <div>
            <h5>
              Crit
            </h5>
            <div>
              19–20/×2
            </div>
          </div>
        </div>
      </div>
    </div>
    <div
      class="section"
    >
      <h3
        class="section__title"
      >
        Prepared Spells
      </h3>
      <div
        class="PreparedSpells__grid"
      >
        <h5
          class="grid__col1"
        >
          Spell
        </h5>
        <h5
          class="grid__col2"
        >
          Rmng
        </h5>
        <button
          class="grid__col1 button--link"
          data-testid="rec8IQeYmBr3f1BMC"
          type="button"
        >
          Acid Splash
        </button>
        <div
          class="grid__col2"
          data-testid="rec8IQeYmBr3f1BMCRemaining"
        >
          1
        </div>
        <button
          change="1"
          class="grid__col4"
          data-testid="rec8IQeYmBr3f1BMCCastButton"
          level="0"
          spellid="rec8IQeYmBr3f1BMC"
        >
          Cast
        </button>
        <button
          class="grid__col1 button--link"
          data-testid="recwpeRoCsea4vidW"
          type="button"
        >
          Arcane Mark
        </button>
        <div
          class="grid__col2"
          data-testid="recwpeRoCsea4vidWRemaining"
        >
          1
        </div>
        <button
          change="1"
          class="grid__col4"
          data-testid="recwpeRoCsea4vidWCastButton"
          level="0"
          spellid="recwpeRoCsea4vidW"
        >
          Cast
        </button>
        <button
          class="grid__col1 button--link"
          data-testid="recRhVs0ahtQZpbXx"
          type="button"
        >
          Charm Person
        </button>
        <div
          class="grid__col2"
          data-testid="recRhVs0ahtQZpbXxRemaining"
        >
          0
        </div>
      </div>
    </div>
  </div>
</div>
`;
