// Jest Snapshot v1, https://goo.gl/fbAQLP

exports[`should render Abilities with profile data 1`] = `
<div
  className="grid grid--abilities"
>
  <h5
    className="grid__col1"
  >
    Ability
  </h5>
  <div
    className="grid__col1"
    key="0"
  >
    STR
  </div>
  <div
    className="grid__col1"
    key="1"
  >
    DEX
  </div>
  <div
    className="grid__col1"
    key="2"
  >
    CON
  </div>
  <div
    className="grid__col1"
    key="3"
  >
    INT
  </div>
  <div
    className="grid__col1"
    key="4"
  >
    WIS
  </div>
  <div
    className="grid__col1"
    key="5"
  >
    CHA
  </div>
  <h5
    className="grid__col2"
  >
    Score
  </h5>
  <div
    className="grid__col2"
    key="0"
  >
    14
  </div>
  <div
    className="grid__col2"
    key="1"
  >
    18
  </div>
  <div
    className="grid__col2"
    key="2"
  >
    16
  </div>
  <div
    className="grid__col2"
    key="3"
  >
    20
  </div>
  <div
    className="grid__col2"
    key="4"
  >
    14
  </div>
  <div
    className="grid__col2"
    key="5"
  >
    11
  </div>
  <h5
    className="grid__col3"
  >
    Mod
  </h5>
  <div
    className="grid__col3"
    key="0"
  >
    2
  </div>
  <div
    className="grid__col3"
    key="1"
  >
    2
  </div>
  <div
    className="grid__col3"
    key="2"
  >
    3
  </div>
  <div
    className="grid__col3"
    key="3"
  >
    5
  </div>
  <div
    className="grid__col3"
    key="4"
  >
    2
  </div>
  <div
    className="grid__col3"
    key="5"
  >
    0
  </div>
  <h5
    className="grid__col4"
  >
    Temp Score
  </h5>
  <input
    className="grid__col4"
    id="str"
    key="0"
    name="abilities"
    onChange={[Function]}
    type="text"
  />
  <input
    className="grid__col4"
    id="dex"
    key="1"
    name="abilities"
    onChange={[Function]}
    type="text"
  />
  <input
    className="grid__col4"
    id="con"
    key="2"
    name="abilities"
    onChange={[Function]}
    type="text"
  />
  <input
    className="grid__col4"
    id="int"
    key="3"
    name="abilities"
    onChange={[Function]}
    type="text"
  />
  <input
    className="grid__col4"
    id="wis"
    key="4"
    name="abilities"
    onChange={[Function]}
    type="text"
  />
  <input
    className="grid__col4"
    id="cha"
    key="5"
    name="abilities"
    onChange={[Function]}
    type="text"
  />
  <h5
    className="grid__col5"
  >
    Temp Mod
  </h5>
  <div
    className="grid__col5"
    key="0"
  />
  <div
    className="grid__col5"
    key="1"
  />
  <div
    className="grid__col5"
    key="2"
  />
  <div
    className="grid__col5"
    key="3"
  />
  <div
    className="grid__col5"
    key="4"
  />
  <div
    className="grid__col5"
    key="5"
  />
</div>
`;
