// Jest Snapshot v1, https://goo.gl/fbAQLP

exports[`should render CharacterSelectionPage with profiles data 1`] = `
<div
  className="layout"
>
  <Connect(Header)
    pageTitle="Character Selection"
  />
  <div
    className="container container--body"
  >
    <h3>
      Select your character:
    </h3>
    <button
      className="button-profile"
      disabled={false}
      id="recnPKEA6sOWaOt57"
      key="0"
      onClick={[Function]}
    >
      <img
        src="images/elf.svg"
      />
      <div>
        <h3>
          Istvyll Bannianea
        </h3>
        <div>
          Male
           
          Grey Elf
        </div>
        <div>
          Wizard
        </div>
        <div>
          Lawful Evil
        </div>
        <div>
          Level 5
        </div>
      </div>
    </button>
    <button
      className="button-profile"
      disabled={false}
      id="-LfeNscfMYgOyQV11vXY"
      key="1"
      onClick={[Function]}
    >
      <img
        src="images/orc.svg"
      />
      <div>
        <h3>
          Korg
        </h3>
        <div>
          Male
           
          Half-Orc
        </div>
        <div>
          Wizard
        </div>
        <div>
          Lawful Evil
        </div>
        <div>
          Level 5
        </div>
      </div>
    </button>
  </div>
</div>
`;
