// Jest Snapshot v1, https://goo.gl/fbAQLP

exports[`should render CreatorFormJobClass 1`] = `
<Fragment>
  <div
    className="form-group--35"
  >
    <h4>
      Job Class:
    </h4>
    <FormikConnect(FieldInner)
      className="select"
      component="select"
      name="jobClass"
      onChange={[Function]}
    >
      <option
        key="jobClass0"
        value="recbxccm8pp3fTmQw"
      >
        Barbarian
      </option>
      <option
        key="jobClass1"
        value="rec0GDUzwsKLYEyqM"
      >
        Bard
      </option>
      <option
        key="jobClass2"
        value="recawEdTMnIzdNnwR"
      >
        Cleric
      </option>
      <option
        key="jobClass3"
        value="recz6owTBNig43RWq"
      >
        Druid
      </option>
      <option
        key="jobClass4"
        value="reckjdfZ5f86z4Rtz"
      >
        Fighter
      </option>
      <option
        key="jobClass5"
        value="recVqqb9HsZRyEAC8"
      >
        Monk
      </option>
      <option
        key="jobClass6"
        value="recjjJTiERQ1ocuNh"
      >
        Paladin
      </option>
      <option
        key="jobClass7"
        value="recKnUPMQEmoCGcag"
      >
        Ranger
      </option>
      <option
        key="jobClass8"
        value="recQrfCKtksnnSsaZ"
      >
        Rogue
      </option>
      <option
        key="jobClass9"
        value="recniRmHZzspPDAFn"
      >
        Sorcerer
      </option>
      <option
        key="jobClass10"
        value="recBCWC99ohXXKqwL"
      >
        Wizard
      </option>
    </FormikConnect(FieldInner)>
  </div>
  <div
    className="form-group--35"
  >
    <h4>
      Alignment:
    </h4>
    <FormikConnect(FieldInner)
      className="select"
      component="select"
      name="alignment"
    >
      <option
        key="alignment0"
        value="Lawful Good"
      >
        Lawful Good
      </option>
      <option
        key="alignment1"
        value="Neutral Good"
      >
        Neutral Good
      </option>
      <option
        key="alignment2"
        value="Chaotic Good"
      >
        Chaotic Good
      </option>
      <option
        key="alignment3"
        value="Lawful Neutral"
      >
        Lawful Neutral
      </option>
      <option
        key="alignment4"
        value="True Neutral"
      >
        True Neutral
      </option>
      <option
        key="alignment5"
        value="Chaotic Neutral"
      >
        Chaotic Neutral
      </option>
      <option
        key="alignment6"
        value="Lawful Evil"
      >
        Lawful Evil
      </option>
      <option
        key="alignment7"
        value="Neutral Evil"
      >
        Neutral Evil
      </option>
      <option
        key="alignment8"
        value="Chaotic Evil"
      >
        Chaotic Evil
      </option>
    </FormikConnect(FieldInner)>
  </div>
  <div
    className="form-group--35 align-top"
  >
    <h4>
      Hit Die:
    </h4>
    <div>
      D4
    </div>
  </div>
  <div
    className="form-group--35 align-top"
  >
    <h4>
      Proficiencies:
    </h4>
    <div>
      Club, Dagger, Light Crossbow, Heavy Crossbow, Quarterstaff
    </div>
  </div>
  <div
    className="form-group--35 align-top"
  >
    <h4>
      Bonus Languages:
    </h4>
    <FormikConnect(FieldInner)
      className="multi-select"
      component="select"
      multiple={true}
      name="bonusLanguages"
      onChange={[Function]}
    >
      <option
        key="Draconic"
        value="Draconic"
      >
        Draconic
      </option>
      <option
        key="Gnoll"
        value="Gnoll"
      >
        Gnoll
      </option>
      <option
        key="Gnome"
        value="Gnome"
      >
        Gnome
      </option>
      <option
        key="Goblin"
        value="Goblin"
      >
        Goblin
      </option>
      <option
        key="Orc"
        value="Orc"
      >
        Orc
      </option>
      <option
        key="Sylvan"
        value="Sylvan"
      >
        Sylvan
      </option>
    </FormikConnect(FieldInner)>
  </div>
  <div
    className="form-group--35"
  >
    <h4>
      Deity:
    </h4>
    <FormikConnect(FieldInner)
      className="text-input"
      name="deity"
      placeholder="(Optional) Enter the name of a Deity"
    />
  </div>
  <div
    className="form-group--35"
  >
    <h4>
      School:
    </h4>
    <FormikConnect(FieldInner)
      className="select"
      component="select"
      name="school"
      onChange={[Function]}
    >
      <option
        key="school0"
        value="Abjuration"
      >
        Abjuration
      </option>
      <option
        key="school1"
        value="Clairsentience"
      >
        Clairsentience
      </option>
      <option
        key="school2"
        value="Conjuration"
      >
        Conjuration
      </option>
      <option
        key="school3"
        value="Divination"
      >
        Divination
      </option>
      <option
        key="school4"
        value="Enchantment"
      >
        Enchantment
      </option>
      <option
        key="school5"
        value="Evocation"
      >
        Evocation
      </option>
      <option
        key="school6"
        value="Illusion"
      >
        Illusion
      </option>
      <option
        key="school7"
        value="Metacreativity"
      >
        Metacreativity
      </option>
      <option
        key="school8"
        value="Necromancy"
      >
        Necromancy
      </option>
      <option
        key="school9"
        value="Psychokinesis"
      >
        Psychokinesis
      </option>
      <option
        key="school10"
        value="Psychometabolism"
      >
        Psychometabolism
      </option>
      <option
        key="school11"
        value="Psychoportation"
      >
        Psychoportation
      </option>
      <option
        key="school12"
        value="Telepathy"
      >
        Telepathy
      </option>
      <option
        key="school13"
        value="Transmutation"
      >
        Transmutation
      </option>
      <option
        key="school14"
        value="Universal"
      >
        Universal
      </option>
    </FormikConnect(FieldInner)>
  </div>
  <div
    className="form-group--35 align-top"
  >
    <h4>
      Prohibited School(s):
    </h4>
    <FormikConnect(FieldInner)
      className="multi-select"
      component="select"
      multiple={true}
      name="prohibitedSchools"
      onChange={[Function]}
      validate={[Function]}
    >
      <option
        key="prohibited0"
        value="Abjuration"
      >
        Abjuration
      </option>
      <option
        key="prohibited1"
        value="Clairsentience"
      >
        Clairsentience
      </option>
      <option
        key="prohibited2"
        value="Conjuration"
      >
        Conjuration
      </option>
      <option
        key="prohibited3"
        value="Enchantment"
      >
        Enchantment
      </option>
      <option
        key="prohibited4"
        value="Evocation"
      >
        Evocation
      </option>
      <option
        key="prohibited5"
        value="Illusion"
      >
        Illusion
      </option>
      <option
        key="prohibited6"
        value="Metacreativity"
      >
        Metacreativity
      </option>
      <option
        key="prohibited7"
        value="Necromancy"
      >
        Necromancy
      </option>
      <option
        key="prohibited8"
        value="Psychokinesis"
      >
        Psychokinesis
      </option>
      <option
        key="prohibited9"
        value="Psychometabolism"
      >
        Psychometabolism
      </option>
      <option
        key="prohibited10"
        value="Psychoportation"
      >
        Psychoportation
      </option>
      <option
        key="prohibited11"
        value="Telepathy"
      >
        Telepathy
      </option>
      <option
        key="prohibited12"
        value="Transmutation"
      >
        Transmutation
      </option>
    </FormikConnect(FieldInner)>
  </div>
  <FormikConnect(ErrorMessageImpl)
    className="form-group--error"
    component="div"
    name="prohibitedSchools"
  />
</Fragment>
`;
