// Jest Snapshot v1, https://goo.gl/fbAQLP

exports[`should render Money with profile data 1`] = `
<div>
  <h3
    className="row__money"
  >
    Money
  </h3>
  <div
    className="row__money"
  >
    <input
      id="pp"
      name="money"
      type="text"
      value={0}
    />
    <span>
      pp
    </span>
  </div>
  <div
    className="row__money"
  >
    <input
      id="gp"
      name="money"
      type="text"
      value={1200}
    />
    <span>
      gp
    </span>
  </div>
  <div
    className="row__money"
  >
    <input
      id="sp"
      name="money"
      type="text"
      value={350}
    />
    <span>
      sp
    </span>
  </div>
  <div
    className="row__money"
  >
    <input
      id="cp"
      name="money"
      type="text"
      value={80}
    />
    <span>
      cp
    </span>
  </div>
  <div
    className="row__money"
  >
    <h4>
      Total:
    </h4>
     
    <span>
       gp
    </span>
  </div>
</div>
`;
