// Jest Snapshot v1, https://goo.gl/fbAQLP

exports[`should render PreparedSpells with profile data 1`] = `
<div
  class="grid--spells"
>
  <h5
    class="grid__col1"
  >
    Spell
  </h5>
  <h5
    class="grid__col2"
  >
    Rmng
  </h5>
  <button
    class="grid__col1 button--link"
    id="rec8IQeYmBr3f1BMC"
    type="button"
  >
    Acid Splash
  </button>
  <div
    class="grid__col2"
    id="rec8IQeYmBr3f1BMCRemaining"
  >
    1
  </div>
  <button
    change="1"
    class="grid__col4"
    id="rec8IQeYmBr3f1BMCCastButton"
    level="0"
    spellid="rec8IQeYmBr3f1BMC"
  >
    Cast
  </button>
  <button
    class="grid__col1 button--link"
    id="recwpeRoCsea4vidW"
    type="button"
  >
    Arcane Mark
  </button>
  <div
    class="grid__col2"
    id="recwpeRoCsea4vidWRemaining"
  >
    1
  </div>
  <button
    change="1"
    class="grid__col4"
    id="recwpeRoCsea4vidWCastButton"
    level="0"
    spellid="recwpeRoCsea4vidW"
  >
    Cast
  </button>
  <button
    class="grid__col1 button--link"
    id="recRhVs0ahtQZpbXx"
    type="button"
  >
    Charm Person
  </button>
  <div
    class="grid__col2"
    id="recRhVs0ahtQZpbXxRemaining"
  >
    0
  </div>
</div>
`;
