// Jest Snapshot v1, https://goo.gl/fbAQLP

exports[`should render ProfilePage with profile data 1`] = `
<div
  className="layout"
>
  <Connect(Header)
    pageTitle="Character Profile"
  />
  <div
    className="container container--body"
  >
    <div
      className="grid grid--profile"
    >
      <img
        className="grid--profile__img"
        src="images/elf.svg"
      />
      <h4
        className="grid--profile__name"
      >
        Istvyll Bannianea
      </h4>
      <div>
        Grey Elf
      </div>
      <div>
        Male
      </div>
      <div>
        Wizard
      </div>
      <div>
         yrs
      </div>
      <div>
        Lawful Evil
      </div>
      <div />
      <div />
      <div>
         lbs
      </div>
      <h4
        className="grid--profile__features-key"
      >
        Languages
      </h4>
      <div
        className="grid--profile__features-value"
      >
        Common, Elven, Draconic, Orc, Sylvan
      </div>
      <h4
        className="grid--profile__features-key"
      >
        Deity
      </h4>
      <div
        className="grid--profile__features-value"
      />
      <h4
        className="grid--profile__features-key"
      >
        School
      </h4>
      <div
        className="grid--profile__features-value"
      >
        Transmutation
      </div>
      <h4
        className="grid--profile__features-key"
      >
        Prohibited Schools
      </h4>
      <div
        className="grid--profile__features-value"
      >
        Illusion, Necromancy
      </div>
      <h4
        className="grid--profile__features-key"
      >
        Special Abilities
      </h4>
      <div
        className="grid--profile__features-value"
      >
        <Connect(SpecialAbilities)
          specialAbilityIds={
            Array [
              "rect54ikkC9SDLJ1x",
            ]
          }
        />
      </div>
      <h4
        className="grid--profile__features-key"
      >
        Feats
      </h4>
      <div
        className="grid--profile__features-value"
      >
        <Connect(Feats)
          featIds={
            Array [
              "recRjuAWe7oy6a7wY",
              "rec4KkfhKpetKIDqj",
              "recGkxwkqppy7EYmI",
            ]
          }
        />
      </div>
    </div>
  </div>
  <Connect(Footer) />
</div>
`;
