// Jest Snapshot v1, https://goo.gl/fbAQLP

exports[`should render SkillModal 1`] = `
<Modal
  ariaHideApp={true}
  bodyOpenClassName="ReactModal__Body--open"
  className="modal"
  closeTimeoutMS={0}
  contentLabel="Selected Skill"
  isOpen={true}
  parentSelector={[Function]}
  portalClassName="ReactModalPortal"
  role="dialog"
  shouldCloseOnEsc={true}
  shouldCloseOnOverlayClick={true}
  shouldFocusAfterRender={true}
  shouldReturnFocusAfterClose={true}
>
  <div>
    <h4>
      Knowledge (Local)
    </h4>
    <h5>
      INT
    </h5>
    <p
      key="0"
    >
      You possess knowledge of local customs and events. 
    </p>
  </div>
</Modal>
`;
