// Jest Snapshot v1, https://goo.gl/fbAQLP

exports[`should render special abilities with profile data 1`] = `
<div>
  <button
    className="button--link"
    id="rect54ikkC9SDLJ1x"
    key="specialAbility0"
    onClick={[Function]}
    type="button"
  >
    A Thousand Faces
  </button>
  <SpecialAbilityModal
    handleCloseModal={[Function]}
  />
</div>
`;
