// Jest Snapshot v1, https://goo.gl/fbAQLP

exports[`should render CreatorFormAbilities correctly 1`] = `
<div
  className="container--body"
>
  <h3
    className="section__title"
  >
    Ability Scores
  </h3>
  <div
    className="CreatorFormAbilities__grid"
  >
    <h5
      className="grid__col1"
    >
      Ability
    </h5>
    <h5
      className="grid__col2"
    >
      Score
    </h5>
    <h5
      className="grid__col3"
    >
      Race Mod
    </h5>
    <h5
      className="grid__col4"
    >
      Final
    </h5>
    <div
      className="grid__col1"
    >
      Strength
       (
      STR
      )
    </div>
    <FormikConnect(FieldInner)
      className="grid__col2 number-input"
      id="strInput"
      name="abilities.str.score"
      onChange={[Function]}
      type="number"
      value=""
    />
    <div
      className="grid__col3"
    >
      -2
    </div>
    <div
      className="grid__col4"
    />
    <FormikConnect(ErrorMessageImpl)
      className="CreatorFormAbilities__error"
      component="div"
      name="abilities.str.score"
    />
    <div
      className="grid__col1"
    >
      Dexterity
       (
      DEX
      )
    </div>
    <FormikConnect(FieldInner)
      className="grid__col2 number-input"
      id="dexInput"
      name="abilities.dex.score"
      onChange={[Function]}
      type="number"
      value=""
    />
    <div
      className="grid__col3"
    >
      2
    </div>
    <div
      className="grid__col4"
    />
    <FormikConnect(ErrorMessageImpl)
      className="CreatorFormAbilities__error"
      component="div"
      name="abilities.dex.score"
    />
    <div
      className="grid__col1"
    >
      Constitution
       (
      CON
      )
    </div>
    <FormikConnect(FieldInner)
      className="grid__col2 number-input"
      id="conInput"
      name="abilities.con.score"
      onChange={[Function]}
      type="number"
      value=""
    />
    <div
      className="grid__col3"
    >
      -2
    </div>
    <div
      className="grid__col4"
    />
    <FormikConnect(ErrorMessageImpl)
      className="CreatorFormAbilities__error"
      component="div"
      name="abilities.con.score"
    />
    <div
      className="grid__col1"
    >
      Intelligence
       (
      INT
      )
    </div>
    <FormikConnect(FieldInner)
      className="grid__col2 number-input"
      id="intInput"
      name="abilities.int.score"
      onChange={[Function]}
      type="number"
      value=""
    />
    <div
      className="grid__col3"
    >
      2
    </div>
    <div
      className="grid__col4"
    />
    <FormikConnect(ErrorMessageImpl)
      className="CreatorFormAbilities__error"
      component="div"
      name="abilities.int.score"
    />
    <div
      className="grid__col1"
    >
      Wisdom
       (
      WIS
      )
    </div>
    <FormikConnect(FieldInner)
      className="grid__col2 number-input"
      id="wisInput"
      name="abilities.wis.score"
      onChange={[Function]}
      type="number"
      value=""
    />
    <div
      className="grid__col3"
    >
      0
    </div>
    <div
      className="grid__col4"
    />
    <FormikConnect(ErrorMessageImpl)
      className="CreatorFormAbilities__error"
      component="div"
      name="abilities.wis.score"
    />
    <div
      className="grid__col1"
    >
      Charisma
       (
      CHA
      )
    </div>
    <FormikConnect(FieldInner)
      className="grid__col2 number-input"
      id="chaInput"
      name="abilities.cha.score"
      onChange={[Function]}
      type="number"
      value=""
    />
    <div
      className="grid__col3"
    >
      0
    </div>
    <div
      className="grid__col4"
    />
    <FormikConnect(ErrorMessageImpl)
      className="CreatorFormAbilities__error"
      component="div"
      name="abilities.cha.score"
    />
    <button
      className="button grid__col2"
      id="abilitiesRollButton"
      onClick={[Function]}
      type="button"
    >
      Roll
    </button>
  </div>
</div>
`;
